// Jest Snapshot v1, https://goo.gl/fbAQLP

exports[`App snapshot 1`] = `
<BrowserRouter>
  <MobXProvider
    UserStore={
      UserStore {
        "arrive": "09:00",
        "driver": 1,
        "leave": "17:00",
        "officeId": 1,
        "successful": false,
        "userEmail": null,
        "userName": null,
        "userNew": true,
      }
    }
  >
    <Routes />
  </MobXProvider>
</BrowserRouter>
`;
