// Jest Snapshot v1, https://goo.gl/fbAQLP

exports[`ResultTable ResultTable snapshot 1`] = `
<ResultTable
  UserStore={
    UserStore {
      "arrive": "09:00",
      "driver": 1,
      "leave": "17:00",
      "officeId": 1,
      "successful": false,
      "userEmail": "john@esri.com",
      "userName": "John Doe",
      "userNew": true,
    }
  }
/>
`;
